Massachusetts Institute of Technology
Harvard University
Stanford University
University of California, Berkeley
University of Michigan
University of Washington
Cornell University
University of California, Los Angeles
The University of Texas at Austin
Penn State University
University of Illinois at Urbana-Champaign
University of Minnesota
New York University
University of Pennsylvania
University of Southern California
Carnegie Mellon University
Princeton University
Yale University
Arizona State University
University of Colorado Boulder
University of North Carolina at Chapel Hill
University of Florida
University of Maryland
Duke University
Rutgers, The State University of New Jersey
Boston University
The University of Arizona
Johns Hopkins University
University of Virginia
Georgia Institute of Technology
Texas A&M University
The University of Utah
The Ohio State University
North Carolina State University
University of Pittsburgh
Virginia Polytechnic Institute and State University
Washington University in St. Louis
Iowa State University of Science and Technology
Tufts University
Georgia State University
Indiana University Bloomington
Oregon State University
University of Massachusetts Amherst
California Institute of Technology
University of Iowa
University of Georgia
Brigham Young University
Florida State University
University of Nebraska-Lincoln
University of Houston
University of California, Santa Cruz
Colorado State University
University of Oregon
Georgetown University
University of Delaware
George Mason University
University of South Florida
Brown University
Washington State University
George Washington University
University at Buffalo, State University of New York
University of Notre Dame
Rice University
Dartmouth College
University of Connecticut
University of Kansas
University of California, San Francisco
Emory University
University of Illinois at Chicago
University of California, Riverside
Temple University
Rochester Institute of Technology
University of Kentucky
San Diego State University
University of Missouri
University of Cincinnati
The University of Tennessee, Knoxville
University of South Carolina
University of North Texas
Virginia Commonwealth University
The University of Oklahoma
University of New Mexico
Drexel University
Rensselaer Polytechnic Institute
Northeastern University
Boston College
University of Vermont
Louisiana State University
Portland State University
Florida International University
The University of Texas at Dallas
Case Western Reserve University
California State University, Fullerton
California State University, Northridge
Kent State University
San Francisco State University
Clemson University
University of New Hampshire
Oklahoma State University
Wayne State University
The University of Alabama
Fordham University
The University of Tennessee at Martin
Stony Brook University
California Polytechnic State University, San Luis Obispo
Auburn University
Loyola University Chicago
Michigan Technological University
American University
Syracuse University
West Virginia University
Texas Tech University
University of Maryland, Baltimore County
Western Michigan University
Southern Methodist University
Montana State University
University of Arkansas
The University of Texas at Arlington
University of Denver
Northern Arizona University
Baylor University
University at Albany, State University of New York
Lamar University
Ohio University
University of Alabama at Birmingham
College of William & Mary
Kansas State University
University of Rhode Island
Santa Clara University
Brandeis University
University of Idaho
Grand Canyon University
Florida Atlantic University
Worcester Polytechnic Institute
Old Dominion University
The New School
Illinois Institute of Technology
Mississippi State University
University of North Carolina at Charlotte
Southern New Hampshire University
Binghamton University, State University of New York
University of Maryland University College
University of Nevada, Las Vegas
University of Colorado Denver
University of Nevada, Reno
New Mexico State University
Wake Forest University
California State University, Sacramento
California State Polytechnic University, Pomona
Lehigh University
University of Missouri-Kansas City
Swarthmore College
Marquette University
Carleton College
Kennesaw State University
University of Louisville
Nova Southeastern University
Middlebury College
Western Washington University
University of Wyoming
New Jersey Institute of Technology
Pace University
University of Richmond
University of San Francisco
Miami University
University of Mississippi
Boise State University
University of Massachusetts Lowell
University of Dayton
Villanova University
Embry-Riddle Aeronautical University
University of North Dakota
University of Akron
Ball State University
Southern Illinois University Carbondale
Brigham Young University-Idaho
University of Alaska Fairbanks
Central Michigan University
University of Toledo
The University of Texas MD Anderson Cancer Center
The University of Memphis
North Dakota State University
University of San Diego
Bucknell University
Smith College
Loyola Marymount University
Wesleyan University
University of Massachusetts Boston
Calvin College
The University of Maine
Wright State University
University of North Carolina at Greensboro
Mount Holyoke College
Pepperdine University
Creighton University
The University of Texas at El Paso
Williams College
Illinois State University
California State University, Los Angeles
Missouri University of Science and Technology
California State University, Fresno
Western Kentucky University
Chapman University
Rowan University
Yeshiva University
Sonoma State University
Clark University
Harvey Mudd College
Cleveland State University
University of North Carolina Wilmington
Oakland University
Middle Tennessee State University
Thomas Jefferson University
Baylor College of Medicine
Hofstra University
Savannah College of Art and Design
United States Air Force Academy
Eastern Michigan University
Seton Hall University
Gonzaga University
University of Nebraska at Omaha
University of North Florida
Humboldt State University
Marist College
Amherst College
Colorado School of Mines
Florida Institute of Technology
University of Southern Mississippi
Missouri State University
Central Washington University
Kenyon College
Bryn Mawr College
United States Military Academy
University of Massachusetts Medical School
University of Texas Southwestern Medical Center
Wellesley College
Oberlin College
College of Charleston
Wichita State University
Southern Illinois University Edwardsville
Idaho State University
Montclair State University
Texas Christian University
East Tennessee State University
California State University, Dominguez Hills
St. John's University
Metropolitan State University of Denver
Eastern Kentucky University
Minnesota State University, Mankato
Rasmussen College
The Evergreen State College
Marshall University
University of Colorado Colorado Springs
Elon University
Biola University
School of Visual Arts
University of Wisconsin-Eau Claire
Howard University
New Mexico Institute of Mining and Technology
Bowdoin College
Bard College -on-Hudson
University of Wisconsin-Stevens Point
Weber State University
Stevens Institute of Technology
West Chester University of Pennsylvania
St. Olaf College
The Catholic University of America
Georgia Southern University
The University of Tulsa
Indiana State University
Radford University
Icahn School of Medicine at Mount Sinai
Utah Valley University
California State University San Marcos
State University of New York at Oswego
Buffalo State College
Reed College
Ferris State University
St. Cloud State University
College of Saint Benedict/Saint John's University
University of Wisconsin-Green Bay
Webster University
University of Baltimore
Lock Haven University
Furman University
Haverford College
Augusta University
Columbia College Chicago
Lewis & Clark College
Bentley University
Eastern Illinois University
The University of Texas Health Science Center at Houston
Dickinson College
Fashion Institute of Technology
Stetson University
Colgate University
Western Illinois University
Valencia College
Medical College of Wisconsin
Florida Gulf Coast University
University of Arkansas at Little Rock
Simmons University
University of West Florida
Suffolk University
DeVry University
Bates College
University of Nebraska Medical Center
Northern Michigan University
Eastern Washington University
The College of New Jersey
Pratt Institute
Stephen F. Austin State University
University of Wisconsin-Whitewater
Davidson College
Rhode Island School of Design
Butler University
University of Louisiana at Lafayette
Trinity College
Bradley University
University of Northern Colorado
University of South Dakota
University of Texas Rio Grande Valley
University of Hartford
Loyola University Maryland
Loma Linda University
California State University Stanislaus
Whitman College
Trinity University
Hamilton College
Arkansas State University
Northern Kentucky University
Gallaudet University
University of Wisconsin-La Crosse
Long Island University
Shippensburg University of Pennsylvania
University of the Pacific
University of West Georgia
Louisiana Tech University
State University of New York at New Paltz
Wheaton College
Drew University
Emerson College
Concordia University, Oregon
Union College
Azusa Pacific University
Gettysburg College
Connecticut College
Skidmore College
Andrews University
University of Central Arkansas
Monmouth University
Regent University
Fairleigh Dickinson University
Lafayette College
Tennessee Tech University
University of Evansville
Johnson and Wales University
The Juilliard School
Adelphi University
Bridgewater State University
The University of Tennessee at Chattanooga
California Institute of the Arts
Fort Hays State University
Valparaiso University
Barnard College
University of New Orleans
University of Illinois at Springfield
Truman State University
Hillsdale College
Miami Dade College
Champlain College
Loyola University New Orleans
University of New England
Hampshire College
Regis University
Saint Joseph's University
College of the Holy Cross
Naval Postgraduate School
University of New Haven
Strayer University
DePauw University
ArtCenter College of Design
Stockton University
Rose-Hulman Institute of Technology
Texas A&M University-Corpus Christi
Emporia State University
Rollins College
West Texas A&M University
Willamette University
Seattle Pacific University
Southeast Missouri State University
Sacred Heart University
School of the Art Institute of Chicago
Franklin and Marshall College
National University
University of Michigan-Flint
Valdosta State University
Texas Woman's University
Occidental College
SUNY College of Environmental Science and Forestry
Plymouth State University
University of Detroit Mercy
Western Carolina University
The Culinary Institute of America
Belmont University
Milwaukee School of Engineering
Touro College
University of Hawaii at Manoa
University of North Carolina at Asheville
Samford University
Uniformed Services University of the Health Sciences
University of Puget Sound
Cedarville University
California State University, Bakersfield
University of Central Oklahoma
SUNY College at Oneonta
SUNY Empire State College
Xavier University
St. Edward's University
SUNY Cortland
Angelo State University
Bloomsburg University of Pennsylvania
Pitzer College
Youngstown State University
Troy University
Bellevue College
California State University Channel Islands
University of Wisconsin-Platteville
Rider University
Frostburg State University
Northeastern Illinois University
Pacific Lutheran University
Antioch University
South Dakota State University
Fairfield University
University of Arkansas for Medical Sciences
Abilene Christian University
North Carolina Central University
Texas A&M University-Commerce
Louisiana State University Health Sciences Center
University of Mary Washington
Saint Mary's College of California
Broward College
The State University of New York at Potsdam
McDaniel College
Claremont Graduate University
The College of Wooster
Le Moyne College
St. Lawrence University
St Petersburg College
Winthrop University
Gordon College
University of Portland
Lawrence University
Ramapo College of New Jersey
Millersville University of Pennsylvania
Claremont McKenna College
Florida Agricultural and Mechanical University
Hamline University
Longwood University
High Point University
University of North Georgia
George Fox University
Beloit College
Colorado Technical University
California State University, Monterey Bay
Salem State University
College of Southern Nevada
Maharishi University of Management
Maryville University
University of California, Hastings College of the Law
Augsburg College
Murray State University
Roosevelt University
Goucher College
Bluffton University
Sweet Briar College
SUNY Downstate Medical Center
Kutztown University of Pennsylvania
Agnes Scott College
Ashland University
Baker College
Indiana Wesleyan University
Southern Utah University
California College of the Arts
Campbell University
Seton Hill University
Elmhurst College
Gustavus Adolphus College
The College at Brockport
Austin Peay State University
Kettering University
Salisbury University
Augustana College
University of Southern Indiana
Norwich University
Wabash College
Georgia College and State University
Carson-Newman University
Capital University
Bethel University
Saint Michael's College
Chicago State University
University of Houston-Clear Lake
University of Bridgeport
St. Catherine University
The Citadel, The Military College of South Carolina
SUNY Polytechnic Institute
Christopher Newport University
Arcadia University
Sarah Lawrence College
The University of Tampa
Pittsburg State University
Roger Williams University
Slippery Rock University of Pennsylvania
Alfred University
Barry University
Southern Connecticut State University
Lewis University
Maryland Institute College of Art
Illinois Wesleyan University
Goshen College
Jacksonville State University
California Lutheran University
The College of St. Scholastica
Messiah College
Coastal Carolina University
Texas A&M University-Kingsville
Ohio Northern University
Southern Oregon University
National Defense University
Mississippi College
Tarleton State University
Luther College
Dakota State University
Winona State University
Bastyr University
Saint Anselm College
Southwestern University
Kalamazoo College
Berry College
Wilkes University -Barre
Lawrence Technological University
State University of New York at Fredonia
Oregon Institute of Technology
Harrisburg University of Science and Technology
Morgan State University
Eastern New Mexico University
Western Connecticut State University
University of Wisconsin-River Falls
Purchase College, State University of New York
Saginaw Valley State University
Albion College
Carthage College
Ohio Wesleyan University
La Salle University
University of Southern Maine
Providence College
The University of Tennessee Health Science Center
Utica College
Western University of Health Sciences
Washburn University
The University of Texas at Tyler
Saint Mary's University of Minnesota
Santa Fe College
Fort Lewis College
University of North Carolina at Pembroke
Bellevue University
Dominican University of California
Baldwin Wallace University
Franklin University
St. Bonaventure University
Northwest Missouri State University
Pennsylvania College of Technology
University of Central Missouri
A.T. Still University
Arkansas Tech University
Columbus State University
Wentworth Institute of Technology
Morehead State University
Elizabethtown College
Midwestern University
Marietta College
Olivet Nazarene University
Lipscomb University
Keene State College
University of Louisiana at Monroe
Palm Beach State College
South University
Golden Gate University
Governors State University
California Institute of Integral Studies
Morehouse College
Lake Superior State University
Texas Southern University
Spelman College
University of Redlands
University of La Verne
The University of Findlay
Seminole State College of Florida
North Central College
Lander University
Farmingdale State College
University of Mississippi Medical Center
Keck Graduate Institute
Drury University
Florida State College at Jacksonville
Mills College
South Dakota School of Mines and Technology
Fresno Pacific University
Wofford College
Concordia University Wisconsin
Northwest Nazarene University
University of Indianapolis
Clayton State University
Oklahoma City University
Muhlenberg College
Texas A&M International University
Dallas Baptist University
Virginia Military Institute
Penn State College of Medicine
John Carroll University
Hendrix College
York College of Pennsylvania
Northern State University
St. John Fisher College
Chatham University
Susquehanna University
Niagara University
Jacksonville University
Colorado Mesa University
North Park University
University of the District of Columbia
Alvernia University
Delaware State University
Clarion University of Pennsylvania
St. Norbert College
Northwestern State University of Louisiana
Massachusetts College of Art and Design
Bellarmine University
Northwood University
Ringling College of Art and Design
Argosy University
California Baptist University
Dixie State University
Eastern Mennonite University
Linfield College
Centre College
Otis College of Art and Design
Naropa University
Northeastern State University
Park University
Davenport University
Washington College
St. Mary's University
Purdue University Northwest
Tuskegee University
Prairie View A&M University
University of Houston-Downtown
Hampton University
Walsh University
Rush University
Westminster College
Robert Morris University
Bennington College
Lindenwood University
Aurora University
The College of Saint Rose
Concordia University, St. Paul
Bob Jones University
Eastern Virginia Medical School
Merrimack College
Stonehill College
The University of the Arts
Southern Adventist University
Juniata College
SIT Graduate Institute
Lebanon Valley College
Wittenberg University
Alliant International University
University of Wisconsin-Superior
Lake Forest College
Albany Medical College
Kentucky State University
St Thomas University
Colorado Christian University
Brooklyn Law School
Cornell College
University of the Incarnate Word
Grove City College
Montana Tech
Hiram College
St. Mary's College of Maryland 's City
Xavier University of Louisiana
University of the Ozarks
St John's College
New York Law School
Franklin W. Olin College of Engineering
Shenandoah University
Lynchburg College
Jackson State University
Worcester State University
Lehman College, CUNY
Allegheny College
Seattle Central College
Otterbein University
Mercyhurst University
Austin College
Concordia College
Flagler College
Christian Brothers University
McNeese State University
The John Marshall Law School
Taylor University
The Sage Colleges
Wheeling Jesuit University
Fayetteville State University
Indiana University Northwest
Oklahoma Christian University
East Stroudsburg University
Vermont Law School
Concordia University Irvine
Oral Roberts University
Point Park University
Whittier College
Point Loma Nazarene University
Lincoln Memorial University
Bemidji State University
Lewis-Clark State College
Union University
King's College -Barre
Western New England University
Cornerstone University
Southern Nazarene University
Mercy College
Eastern University
Eastern Connecticut State University
Edgewood College
Simpson College
Hartwick College
Clark Atlanta University
Queens University of Charlotte
San Francisco Art Institute
Muskingum University
Alma College
Wheaton College, Massachusetts
Wartburg College
Guilford College
Manhattanville College
University of Maryland Eastern Shore
Eastern Oregon University
Hunter College, CUNY
Winston-Salem State University
Berkeley College
Saint Xavier University
Nazareth College
College for Creative Studies
New College of Florida
La Sierra University
Alabama A&M University
Daytona State College
Brenau University
University of Northwestern - St. Paul
MCPHS University
Regis College
University of North Texas Health Science Center
Vanguard University of Southern California
Saint Martin's University
Spring Arbor University
Florida Southern College
Coe College
University of Mary Hardin-Baylor
United States Merchant Marine Academy
Walla Walla University
New York Medical College
Salve Regina University
University of the Cumberlands
Indiana University Southeast
Manhattan School of Music
Concordia University Chicago
Moody Bible Institute
Houston Baptist University
Rogers State University
Dordt College
Lynn University
John Brown University
Georgetown College
Daemen College
Adams State University
ECPI University
Alabama State University
Carroll College
Stevenson University
Lycoming College
Gardner-Webb University
Southeastern University
The University of Texas of the Permian Basin
University of Michigan-Dearborn
Gannon University
New England College
Oglethorpe University
Carroll University
Hampden-Sydney College -Sydney
Southern University and A&M College
Moravian College
University of Maine at Augusta
Life University
City University of Seattle
Marian University
Samuel Merritt University
Virginia State University
Westminster College, Pennsylvania
Pennsylvania Academy of the Fine Arts
Aquinas College
Framingham State University
Vincennes University
University of South Carolina-Upstate
Southwest Minnesota State University
Marywood University
Nicholls State University
Western New Mexico University
Morrisville State College
Bridgewater College
Warren Wilson College
Ouachita Baptist University
Mount Saint Mary College
Hollins University
Palm Beach Atlantic University
Midwestern State University
Prescott College
Alverno College
Spring Hill College
University of Hawaii at Hilo
Shepherd University
Delta State University
Emmanuel College
Washington & Jefferson College
Pacific Union College
Southern Arkansas University
Mitchell Hamline School of Law
University of West Alabama
Southern California Institute of Architecture
Charleston Southern University
St. Augustine's University
Evangel University
Middle Georgia State University
Manchester University
Southwestern College
Sterling College
Nebraska Wesleyan University
Montreat College
Gwynedd Mercy University
Elizabeth City State University
Doane University
Greenville University
Centenary College of Louisiana
Concordia University Texas
Anderson University, Indiana
Morehouse School of Medicine
Fitchburg State University
University of the Sciences in Philadelphia
Henderson State University
The American College of Financial Services
Baker University
McKendree University
Saint Vincent College
University of St. Augustine for Health Sciences
Graceland University
Curtis Institute of Music
Central College
Buena Vista University
Lincoln University
Mount St. Joseph University
Dominican College
Wagner College
Missouri Southern State University
Colorado State University-Pueblo
Columbus College of Art and Design
Transylvania University
The College of New Rochelle
Chamberlain University
Green Mountain College
Ripon College
Ottawa University
Southwestern Law School
SUNY Canton
Clarke University
Wayne State College
Fisk University
Elmira College
Campbellsville University
Grace College
Keiser University
Rivier University
Viterbo University
South Texas College
Texas A&M University at Galveston
Notre Dame of Maryland University
Georgian Court University
Molloy College
Asbury University
University of Houston-Victoria
University of Montevallo
Herzing University
South Carolina State University
Des Moines University
Presbyterian College
West Virginia State University
Wisconsin Lutheran College
Concordia University, Nebraska
Lasell College
SUNY Delhi
Quincy University
University of Mount Union
Birmingham-Southern College
Roberts Wesleyan College
Cornish College of the Arts
University of St Thomas
Lee University
University of Mary
California University of Pennsylvania
King University
Minot State University
SUNY Maritime College
State College of Florida-Manatee-Sarasota
University of South Carolina-Aiken
National University of Health Sciences
University of Dubuque
MGH Institute of Health Professions
East Central University
National American University
Rockhurst University
Athens State University
New England Law | Boston
Friends University
Saint Peter's University
Bard College at Simon's Rock
Mount Mercy University
Southwestern Oklahoma State University
Northwest University
Soka University of America
Georgia Southwestern State University
The Master's University
College of the Ozarks
Georgia Gwinnett College
Southeastern Oklahoma State University
Southwestern Adventist University
Belmont Abbey College
Albany State University
Chaminade University of Honolulu
Massachusetts College of Liberal Arts
Loras College
Bank Street College of Education
Bethune-Cookman University
Pfeiffer University
Marlboro College
Great Basin College
Briar Cliff University
Polk State College
Fairmont State University
Houghton College
Thomas College
Immaculata University
University of Advancing Technology
Unity College
Cardinal Stritch University
The Chicago School of Professional Psychology
Concordia College-New York
Monroe College
Concord University
Malone University
Lyon College
Bethel College-Indiana
Saint Francis University
Oklahoma Baptist University
Sullivan University
Bethel College
Faulkner University
Shawnee State University
Adrian College
Dalton State College
Neumann University
Grambling State University
Fielding Graduate University
Huntingdon College
Cabrini University
University of Charleston
West Coast University-Los Angeles
Bay Path University
San Francisco Conservatory of Music
Caldwell University
Central Penn College
Benedictine College
Newman University
Bernard M Baruch College, CUNY
SUNY College at Old Westbury
Savannah State University
Emory & Henry College
Mansfield University of Pennsylvania
Lincoln University, Missouri
Becker College
Rocky Mountain College of Art and Design
Johnson C. Smith University
Millsaps College
Capitol Technology University
The Graduate Center, CUNY
Woodbury University
Saint Joseph's College of Maine
Ave Maria University
Trevecca Nazarene University
Maine College of Art
Spalding University
Nyack College
Goddard College
Post University
Sul Ross State University
Oakwood University
Kendall College
Shorter University
Belhaven University
Cleveland Institute of Art
Rocky Mountain College
Marygrove College
Trinity Christian College
Dean College
Huntington University
Lancaster Bible College
Columbia International University
Western Nevada College
Franklin Pierce University
Logan University
Lenoir-Rhyne University
Charles R. Drew University of Medicine and Science
United States Coast Guard Academy
Adler University
College of Saint Elizabeth
Trine University
Langston University
Chestnut Hill College
Texas Wesleyan University
Thomas Edison State University
Wingate University
Ferrum College
Columbia Basin College
Franciscan University of Steubenville
Dillard University
NewSchool of Architecture and Design
Holy Family University
Methodist University
SUNY Cobleskill
Salem College
Alaska Pacific University
Wells College
Eastern Nazarene College
Cogswell Polytechnical College
Pine Manor College
Marylhurst University
Bennett College
Grand View University
Bryan College
Texas Lutheran University
Rosemont College
Paul Smith's College
Dakota Wesleyan University
Felician University
Texas A&M University-Texarkana
La Roche College
Piedmont College
Medaille College
Robert Morris University Illinois
Madonna University
Reinhardt University
Tabor College
St. Francis College
Southwestern Assemblies of God University
Snow College
Randolph-Macon College
Keuka College
Saint Mary-of-the-Woods College
Walsh College
Kansas City Art Institute
Thomas Aquinas College
Fort Valley State University
Vermont Technical College
East Georgia State College
Albright College
Mars Hill University
Rockford University
Central State University
MidAmerica Nazarene University
McMurry University
Freed-Hardeman University
Wilmington College
Hodges University
Thomas More College
Waldorf University
Illinois College
Bryant and Stratton College
Lindsey Wilson College
Tiffin University
Lees-McRae College
Wilson College
Howard Payne University
Warner Pacific College
The University of Virginia's College at Wise
Sierra Nevada College
Mayville State University
Ohio Dominican University
Milligan College
Midway University
Columbia College-Hollywood
East Texas Baptist University
Lubbock Christian University
Landmark College
Crown College
Abraham Baldwin Agricultural College
Claflin University
Castleton University
Indian River State College
Southwest Baptist University
Nichols College
Heritage University
Mount Mary University
West Virginia Wesleyan College
College of Our Lady of the Elms
American Jewish University
Lake Washington Institute of Technology
Marymount Manhattan College
North Greenville University
Anna Maria College
Randolph College
Rochester College
Louisiana College
Meharry Medical College
Midland College
Oklahoma Wesleyan University
Franklin College
Paine College
Milwaukee Institute of Art & Design
Albany Law School
William Jessup University
Maine Maritime Academy
Maryland University of Integrative Health
Anderson University
Mississippi Valley State University
Florida SouthWestern State College
Corban University
Brevard College
Mount Aloysius College
Brescia University
Pacifica Graduate Institute
Virginia Union University
The College of Idaho
Pensacola State College
Granite State College
Goodwin College
Cheyney University of Pennsylvania
Valley City State University
Nebraska Methodist College
William Woods University
Southern Wesleyan University
University of Pikeville
Avila University
Judson University
Bismarck State College
Albertus Magnus College
Newberry College
West Liberty University
Centralia College
Peru State College
University of Mobile
College of Mount Saint Vincent
Bethany Lutheran College
Northeast Ohio Medical University
Catawba College
Olivet College
Cumberland University
North Central University
Thomas Jefferson School of Law
Defiance College
Keystone College
Albany College of Pharmacy and Health Sciences
University of Arkansas at Pine Bluff
Montana State University-Northern
Brown Mackie College
William Penn University
McPherson College
Benjamin Franklin Institute of Technology
University of Jamestown
Lourdes University
Coker College
Eureka College
The City College of New York
SUNY College of Optometry
Finlandia University
South College
Multnomah University
Southern University at New Orleans
LaGrange College
The University of Texas Health Science Center at Tyler
University of Rio Grande
Missouri Valley College
Wesleyan College
Virginia Wesleyan University
Shaw University
Piedmont International University
Air Force Institute of Technology -Patterson AFB
Brazosport College
University of Saint Joseph
College of Saint Mary
Schiller International University
Ohio Christian University
Kentucky Wesleyan College
Cranbrook Academy of Art
Edward Waters College
Urbana University
Bluefield College
Northwestern Oklahoma State University
St. Thomas Aquinas College
Parker University
Mount Marty College
Florida Memorial University
Union College, Kentucky
Concordia University Ann Arbor
Monmouth College
University of Maine at Fort Kent
Erskine College
Oklahoma Panhandle State University
Central Methodist University
Principia College
Huston-Tillotson University
Maranatha Baptist University
Amberton University
Clarkson College
West Virginia University at Parkersburg
John Jay College of Criminal Justice
Alderson Broaddus University
University of Saint Francis
Newbury College
Martin Luther College
MacMurray College
Fisher College
Salus University
Toccoa Falls College
Culver-Stockton College
Bethany College
Bethany College, Kansas
William Jewell College
Florida National University
Alice Lloyd College
Arkansas Baptist College
Cairn University
Bay State College
Gordon State College
Blackburn College
Westminster College, Missouri
Hilbert College
Calumet College of St. Joseph
Marian University, Wisconsin
Johnson University
Dickinson State University
Louisiana State University Health Sciences Center-Shreveport
York College
Hannibal-LaGrange University
Beacon College
William Peace University
Barton College
Schreiner University
Holy Cross College
Boston Graduate School of Psychoanalysis
University of Saint Mary
Roseman University of Health Sciences
New England College of Optometry
Southern College of Optometry
Saint Johns River State College
West Virginia University Institute of Technology
Chipola College
Art Academy of Cincinnati
Vaughn College of Aeronautics and Technology
Mitchell College
University of Mount Olive
Wiley College
Central Christian College of Kansas
Oakland City University
Simpson University
University of Alaska Anchorage
Queens College, City University of New York
Cleveland University-Kansas City
Metropolitan College of New York
University of Valley Forge
Palo Alto University
University of Maine at Presque Isle
Wilberforce University
Saybrook University
Judson College
Jefferson College of Health Sciences
Marshall B. Ketchum University
Bluefield State College
Memphis College of Art
University of Science and Arts of Oklahoma
Faith Baptist Bible College and Theological Seminary
Adler Graduate School
Emmaus Bible College
University of Providence
Central Baptist College
LeMoyne-Owen College
Emmanuel College, Georgia
Montserrat College of Art
Silver Lake College of the Holy Family
Touro University California
Warner University
Mount Ida College
Glenville State College
College of Coastal Georgia
Cincinnati Christian University
San Diego Christian College
Lincoln Christian University
Columbia College, South Carolina
Rocky Vista University
Thomas University
Sterling College, Vermont
Jarvis Christian College
AdventHealth University
Lake Erie College
Criswell College
Livingstone College
York College, City University of New York
Morris College
The King's College
New York School of Interior Design
Appalachian College of Pharmacy
Manhattan Christian College
Harris-Stowe State University
Union Institute & University
Clarks Summit University
New York College of Podiatric Medicine
Western State College of Law at Argosy University
Thomas More College of Liberal Arts
Lincoln University, California
Barnes-Jewish College Goldfarb School of Nursing
Cottey College
College of St. Joseph
Midland University
Florida College
Allen University
Ohio Valley University
Pardee RAND Graduate School
Holy Apostles College and Seminary
University of Hawaii-West Oahu
Humphreys University
Mount Saint Mary's University
Aquinas College, Tennessee
Villa Maria College
Central Christian College of the Bible
Grace University
Kentucky Christian University
Mount Carmel College of Nursing
Northern New Mexico College
The School of Architecture at Taliesin
Southern University Law Center
Appalachian Bible College
Trocaire College
Barclay College
Indiana University Kokomo
Davis & Elkins College
Benedict College
Presentation College
Washington Adventist University
Truett McConnell University
Martin Methodist College
Atlanta Metropolitan State College
Dallas Christian College
Kettering College
University of Western States
Dominican School of Philosophy & Theology
Lincoln College
Paul Quinn College
Bryn Athyn College
Massachusetts School of Law
Relay Graduate School of Education
New York Academy of Art
Greensboro College
Bacone College
The University of Montana Western
University of the Southwest
Talladega College
Arizona Christian University
Watkins College of Art, Design & Film
Webber International University
St Andrews University
The Baptist College of Florida
Baptist Memorial College of Health Sciences
Oak Hills Christian College
Salem International University
Calvary University
Northwest Christian University
Life Pacific College
Iowa Wesleyan University
Illinois College of Optometry
Conway School of Landscape Design
Kuyper College
Lake Forest Graduate School of Management
Neumont University
University of Maine at Machias
Alaska Bible College
Marymount California University
Stillman College
Allen College
Gratz College
Martin University
Mercy College of Health Sciences
Webb Institute
Philander Smith College
Trinity College of Florida
University of the Potomac
Pacific Oaks College
Davis College
Santa Fe University of Art and Design
Franciscan Missionaries of Our Lady University
Maria College
Nevada State College
Laguna College of Art and Design
Brewton-Parker College
New York City College of Technology, CUNY
Westfield State University
Cleary University
Catholic Theological Union
Cox College
Lincoln College of New England
God's Bible School and College
South Georgia State College
Everglades University
Florida Gateway College
Donnelly College
The Wright Institute
The College of Westchester
Five Towns College
Sofia University
Tennessee Wesleyan University
Boricua College
Phillips Graduate University
St. Gregory's University
Patten University
Pontifical Faculty of the Immaculate Conception
Labouré College
Blessing-Rieman College of Nursing
Crossroads College
Trinity Bible College
Southwestern College, Santa Fe
East-West University
University of Alaska Southeast
John Paul the Great Catholic University
Pennsylvania College of Health Sciences
Mid-Atlantic Christian University
Boise Bible College
Nebraska Christian College
College of Staten Island
Lakeview College of Nursing
College of Biblical Studies
The King's University
Columbia College of Nursing
Briarcliffe College
Concordia College Alabama
Jamestown Business College
Wade College
San Joaquin College of Law
Arlington Baptist University
Saint Augustine College
Plaza College
Heritage Christian University
Northpoint Bible College
Crowley's Ridge College
Pillar College
New Hope Christian College
The University of West Los Angeles
St. Louis Christian College
Wisconsin School of Professional Psychology
Dharma Realm Buddhist University
Rocky Mountain University of Health Professions
Baptist Bible College
American Baptist College
Tri-State Bible College
Research College of Nursing
Bryan College of Health Sciences
Crossroads Bible College
Methodist College
Ecclesia College
Denver College of Nursing
John Wesley University
Michigan School of Psychology
Richmont Graduate University
Southwest University of Visual Arts
The National Graduate School of Quality Management
Good Samaritan College of Nursing and Health Science
Southeastern Baptist College
Medgar Evers College
University of Maine at Farmington
WON Institute of Graduate Studies
Bethesda University
Helene Fuld College of Nursing
Providence Christian College
Northeast Catholic College
Indiana University Fort Wayne
CUNY School of Law
Cabarrus College of Health Sciences
Saint Anthony College of Nursing
Geisinger Commonwealth School of Medicine
Irell and Manella Graduate School of Biological Sciences
The Art Institute of Pittsburgh
American Film Institute Conservatory
Antioch University Santa Barbara
Mayo Medical School
Saint Francis Medical Center College of Nursing
Antioch University New England
Antioch University Seattle
Ohio University-Chillicothe
Ohio University Southern
The University of New South Wales
The University of Melbourne
The University of Queensland
Australian National University
Macquarie University
RMIT University
University of Technology Sydney
Curtin University
Deakin University
University of Wollongong
La Trobe University
University of South Australia
Swinburne University of Technology
University of Tasmania
Charles Sturt University
Western Sydney University
University of New England, Australia
James Cook University
Flinders University
Edith Cowan University
University of Canberra
Southern Cross University
University of Southern Queensland
Australian Catholic University
Central Queensland University
Federation University Australia
Bond University
Charles Darwin University
University of the Sunshine Coast
The University of Notre Dame Australia
Indian Institute of Technology Madras
Indian Institute of Technology Kanpur
Indian Institute of Technology Bombay
Indian Institute of Technology Kharagpur
University of Delhi
VIT University
Lovely Professional University
Indian Institute of Technology Delhi
Anna University
Dr. A.P.J. Abdul Kalam Technical University
SRM Institute of Science and Technology
Birla Institute of Technology and Science
Jawaharlal Nehru University
Manipal Academy of Higher Education
Amrita Vishwa Vidyapeetham
Indian Institute of Science
International Institute of Information Technology, Hyderabad
Tata Institute of Social Sciences
Tata Institute of Fundamental Research
K L University
Visvesvaraya Technological University
Christ University
Indian Institute of Technology Roorkee
National Institute of Technology, Tiruchirappalli
Tamil Nadu Agricultural University
University of Mumbai
Narsee Monjee Institute of Management and Higher Studies
Motilal Nehru National Institute of Technology
Amity University
Aligarh Muslim University
Chandigarh University
All India Institute of Medical Sciences Delhi
Cochin University of Science and Technology
Indian Institute of Technology, BHU
Pondicherry University
Indian School of Mines
National Institute of Technology, Warangal
Chhatrapati Shahu Ji Maharaj University
Jamia Millia Islamia
Banaras Hindu University
Kurukshetra University
Indian Institute of Technology Gandhinagar
University of Petroleum and Energy Studies
National Institute of Technology, Calicut
Indian Institute of Technology Hyderabad
Indian Statistical Institute
M.J.P. Rohilkhand University
National Institute of Design
National Institute of Technology, Karnataka
University of Kerala
Gandhi Institute of Technology and Management
Osmania University
Indian Institute of Information Technology Allahabad
Karunya Institute of Technology and Sciences
University of Hyderabad
KIIT University
Birla Institute of Technology
Delhi Technological University
University of Calicut
University of Lucknow
Indian Institute of Technology Indore
University of Calcutta
University of Mysore
Devi Ahilya Vishwavidyalaya
Guru Gobind Singh Indraprastha University
Post Graduate Institute of Medical Education and Research
University of Rajasthan
Jawaharlal Nehru Technological University
Annamalai University
Shivaji University
Bharathidasan University
Mahatma Gandhi University
Malaviya National Institute of Technology, Jaipur
Sharda University
Thapar Institute of Engineering and Technology
National Institute of Fashion Technology
University of Burdwan
All India Institute of Medical Sciences Jodhpur
Gauhati University
Maharishi Dayanand University
Saurashtra University
Maulana Abul Kalam Azad University of Technology
Jawaharlal Nehru Centre for Advanced Scientific Research
Indian Institute of Science Education and Research, Pune
Bangalore University
Rajasthan Technical University Kota
Gujarat University
Indian Institute of Technology Mandi
University of Allahabad
North Eastern Hill University
Nirma University of Science and Technology
Indian Institute of Science Education and Research, Kolkata
Chennai Mathematical Institute
Indian Institute of Technology Ropar
Veer Narmad South Gujarat University
University of Kashmir
North Maharashtra University
Indian Institute of Technology Bhubaneswar
National Institute of Technology, Durgapur
Sardar Vallabhbhai National Institute of Technology, Surat
Indian Institute of Science Education and Research, Bhopal
The Maharaja Sayajirao University of Baroda
National Institute of Technology, Kurukshetra
Indian Agricultural Research Institute
TERI School of Advanced Studies
Bharathiar University
Alagappa University
All India Institute of Medical Sciences Rishikesh
Bharati Vidyapeeth University
International Institute of Information Technology Bangalore
Acharya Nagarjuna University
Visva-Bharati University
Indian Institute of Technology Patna
Madurai Kamaraj University
Jawaharlal Nehru Technological University, Kakinada
Bundelkhand University
National Institute of Technology, Patna
Periyar University
Chhattisgarh Swami Vivekananda Technical University
National Institute of Technology, Raipur
CEPT University
National Institute of Technology, Hamirpur
National Law School of India University
Punjab Technical University
Veer Surendra Sai University of Technology
National Institute of Mental Health and Neuro Sciences
Veer Bahadur Singh Purvanchal University
Dr. Bhimrao Ambedkar University
Rashtrasant Tukadoji Maharaj Nagpur University
All India Institute of Medical Sciences Raipur
Sant Gadge Baba Amravati University
Indian Institute of Technology Jodhpur
Swami Ramanand Teerth Marathwada University
Jamia Hamdard
Indian Institute of Science Education and Research, Thiruvananthapuram
Ashoka University
Govind Ballabh Pant University of Agriculture and Technology
Mangalore University
National Institute of Technology, Jamshedpur
Maharaja Ganga Singh University
Dibrugarh University
Anand Agricultural University
Vidyasagar University
Pandit Ravishankar Shukla University
Indraprastha Institute of Information Technology
Manonmaniam Sundaranar University
Bilaspur Vishwavidyalaya
PEC University of Technology
Sardar Patel University
Indian Institute of Science Education and Research, Mohali
Hemchandracharya North Gujarat University
Baba Farid University of Health Sciences
Maharashtra University of Health Sciences
Punjabi University Patiala
All India Institute of Medical Sciences Bhopal
PDPM Indian Institute of Information Technology, Design and Manufacturing
Dhirubhai Ambani Institute of Information and Communication Technology
Goa University
Jaipur National University
Barkatullah University
Jawaharlal Nehru Technological University, Anantapur
Sri Venkateswara University
University of Kota
Deenbandhu Chhotu Ram University of Science and Technology
National Institute of Technology, Agartala
Maulana Azad National Urdu University
Magadh University
Symbiosis International University
Jain University
Kannur University
Sikkim Manipal University
Bharath Institute of Higher Education and Research
Pt. Bhagwat Dayal Sharma University of Health Sciences
University of North Bengal
Tamil Nadu Dr. M.G.R.Medical University
Biju Patnaik University of Technology
Indian Veterinary Research Institute
Medi-Caps University
Himachal Pradesh University
Lalit Narayan Mithila University
Gandhigram Rural University
Gujarat National Law University
Central University of Rajasthan
Hemwati Nandan Bahuguna Garhwal University
National Institute of Technology, Meghalaya
Kumaun University
International Institute for Population Sciences
Shri Mata Vaishno Devi University
Presidency University
Babasaheb Bhimrao Ambedkar University
South Asian University
The Northcap University
Tripura University
DIT University
Dr. Babasaheb Ambedkar Marathwada University
Kakatiya University
Rajiv Gandhi University of Knowledge Technologies
Indian Institute of Information Technology and Management Gwalior
University of Jammu
Sathyabama Institute of Science and Technology
Ahmedabad University
Guru Jambheshwar University of Science and Technology
Assam University
Jaypee Institute of Information Technology
Padmashree Dr. D.Y. Patil Vidyapith
Tezpur University
Mizoram University
Banasthali Vidyapith
Dayalbagh Educational Institute
King George's Medical University
Alliance University
YMCA University of Science and Technology
Maharishi Markandeshwar University, Mullana
University of Kalyani
Assam Agricultural University
Ambedkar University Delhi
National Law University
Vinayaka Missions University
Makhanlal Chaturvedi Rashtriya Patrakarita Vishwavidyalaya
Madan Mohan Malaviya University of Technology
Central University of Kashmir
Guru Ghasidas Vishwavidyalaya
Rashtriya Sanskrit Sansthan University
Navsari Agricultural University
Sri Ramachandra University
National Institute of Technology, Puducherry
CSK Himachal Pradesh Krishi Vishvavidyalaya
O.P. Jindal Global University
Krishna University
REVA University
The LNM Institute of Information Technology
Ganpat University
Orissa University of Agriculture and Technology
Vikram University
Centurion University of Technology and Management
NITTE University
Bidhan Chandra Krishi Vishwavidyalaya
Rajasthan University of Health Sciences
Vinoba Bhave University
Sikkim University
GLA University
Sher-i-Kashmir Institute of Medical Sciences
Indian Maritime University
Pandit Deendayal Upadhyaya Shekhawati University
Kalasalingam University
Jaypee University of Information Technology
Integral University
Babasaheb Bhimrao Ambedkar Bihar University
Jai Narain Vyas University
The English and Foreign Languages University
Kuvempu University
Institute of Chemical Technology
Rabindra Bharati University
Central University of South Bihar
Hindustan Institute of Technology and Science
Flame University
Rayalaseema University
Indira Gandhi National Tribal University
NIIT University
Central University of Haryana
National Institute of Technology, Sikkim
Gujarat Vidyapith
North Eastern Regional Institute of Science and Technology
School of Planning and Architecture, Delhi
Gautam Buddha University
Birsa Agricultural University
Maharshi Dayanand Saraswati University
Graphic Era University
Invertis University
Rajiv Gandhi University
Berhampur University
Central University of Karnataka
B.S. Abdur Rahman Crescent Institute of Science and Technology
Mother Teresa Women's University
Mody University of Science and Technology
Saveetha University
Sher-e-Kashmir University of Agricultural Sciences and Technology of Kashmir
Mahatma Gandhi Antarrashtriya Hindi Vishwavidyalaya
Kerala University of Health Sciences
Hidayatullah National Law University
Jawaharlal Nehru Krishi Vishwavidyalaya
Patna University
Nalanda University
Suresh Gyan Vihar University
Central University of Jharkhand
Homi Bhabha National Institute
Kolhan University
Parul University
University of Agricultural Sciences, Bangalore
Dr. Babasaheb Ambedkar Technological University
Sambalpur University
Jayoti Vidyapeeth Women's University
National Institute of Food Technology Entrepreneurship and Management
Manipur University
Central University of Gujarat
Gujarat Ayurved University
Bhupendra Narayan Mandal University
Uka Tarsadia University
National Institute of Technology, Goa
University of Gour Banga
Tamil Nadu Veterinary and Animal Sciences University
JK Lakshmipat University
Jain Vishva Bharati Institute
Rani Channamma University, Belagavi
Tilak Maharashtra Vidyapeeth
Assam Don Bosco University
Ravenshaw University
National Institute of Technology, Manipur
ITM University Raipur
Tamil Nadu Teacher Education University
Central University of Himachal Pradesh
Dr. Balasaheb Sawant Konkan Krishi Vidyapeeth
Sri Padmavati Mahila Visvavidyalayam
National Institute of Pharmaceutical Education and Research, Mohali
Himalayan University
Allahabad State University
Karnataka State Law University
Shreemati Nathibai Damodar Thackersey Women's University
Chaudhary Devi Lal University
ITM University Gwalior
Gurukul Kangri Vishwavidyalaya
Vels University
RK University
Dr. Y.S. Parmar University of Horticulture and Forestry
Bhagat Phool Singh Mahila Vishwavidyalaya
Karnavati University
Singhania University
Vignan University
Chaudhary Bansi Lal University
Nagaland University
Maharaja Surajmal Brij University
Yogi Vemana University
Chaudhary Ranbir Singh University
Dr.Y.S.R. Horticultural University
University of Agricultural Sciences, Dharwad
GD Goenka University
Dev Sanskriti Vishwavidyalaya
Dr. D.Y. Patil Vidyapeeth
Garden City University
Ansal University
Indira Gandhi Institute of Medical Sciences, Sheikhpura
Aliah University
Awadhesh Pratap Singh University
Adikavi Nannaya University
Central University of Kerala
Dr. C.V. Raman University
Tilka Manjhi Bhagalpur University
Tamil Nadu Dr Ambedkar Law University
National Institute of Technology, Uttarakhand
Sarguja University
Jaypee University of Engineering and Technology
Pravara Institute of Medical Sciences
Sri Sathya Sai Institute of Higher Learning
National Institute of Technology, Mizoram
M.S. Ramaiah University of Applied Sciences
Deen Dayal Upadhyay Gorakhpur University
Dr. N.T.R. University of Health Sciences
Dr. Vishwanath Karad MIT World Peace University
Himachal Pradesh Technical University
JSS Academy of Higher Education and Research
Janardan Rai Nagar Rajasthan Vidhyapeeth University
IIHMR University
Rajiv Gandhi Institute of Petroleum Technology
The Indian Law Institute
Shoolini University of Biotechnology and Management Sciences
Dr. Rajendra Prasad Central Agriculture University
University of Solapur
Siksha O Anusandhan University
Lingaya's University
Mewar University
Mahatma Gandhi University, Meghalaya
Nilamber-Pitamber University
Sam Higginbottom Institute of Agriculture, Technology and Sciences
KLE University
Kazi Nazrul University
Central University of Jammu
Guru Angad Dev Veterinary and Animal Sciences University
Sanskriti University
Institute of Infrastructure, Technology, Research and Management
Lala Lajpat Rai University of Veterinary and Animal Sciences
Maharishi Markandeshwar University, Sadopur
Thiruvalluvar University
Palamuru University
Davangere University
Shobhit University
Indira Gandhi Krishi Vishwavidyalaya
Veer Kunwar Singh University
Dr. M.G.R. Educational and Research Institute
Avinashilingam University
Dravidian University
Sido Kanhu Murmu University
Central Institute of Fisheries Education
Shree Guru Gobind Singh Tricentenary University
Mahatma Phule Krishi Vidyapeeth
Poornima University
The IIS University
Rajasthan University of Veterinary and Animal Sciences
Shri Lal Bahadur Shastri Rashtriya Sanskrit Vidyapeetha
Jawaharlal Nehru Architecture and Fine Arts University
National Institute of Technology, Nagaland
Telangana University
Chandra Shekhar Azad University of Agriculture and Technology
Ayush and Health Sciences University of Chhattisgarh
Maharaja Chhatrasal Bundelkhand University
Gokhale Institute of Politics and Economics
Charotar University of Science and Technology
Satavahana University
Mahatma Gandhi University, Nalgonda
School of Planning and Architecture, Vijayawada
Rajiv Gandhi National University of Law
Kerala Veterinary and Animal Sciences University
National Law University, Orissa
Gondwana University
Dr. Ram Manohar Lohiya National Law University
GNA University
IFHE Hyderabad
Vasantrao Naik Marathwada Krishi Vidyapeeth
Swami Vivekananda Yoga Anusandhana Samsthana
Potti Sreeramulu Telugu University
National Law Institute University
Institute of Advanced Studies in Education
Rashtriya Sanskrit Vidyapeetha
National Law University and Judicial Academy
Harcourt Butler Technical University
Uttaranchal University
Maharana Pratap University of Agriculture and Technology
Karnataka State Women's University
West Bengal University of Teachers' Training, Education Planning and Administration
Central University of Orissa
Sher-e-Kashmir University of Agricultural Sciences and Technology of Jammu
Gujarat Forensic Sciences University
Srimanta Sankaradeva University of Health Sciences
Bhagwant University
MIT Art Design and Technology University
Mandsaur University
Assam Science and Technology University
Sree Sankaracharya University of Sanskrit
Indira Gandhi University, Meerpur
Sardar Patel University of Police, Security and Criminal Justice
Chanakya National Law University
Bhakta Kavi Narsinh Mehta University
VIT Bhopal University
International Institute of Information Technology, Naya Raipur
Doon University
Kerala University of Fisheries and Ocean Studies
Noida International University
Sidho Kanho Birsha University
Maharashtra Animal and Fishery Sciences University
Sri Venkateswara Veterinary University
Jodhpur National University
Uttarakhand University of Horticulture and Forestry
Bankura University
Swami Keshwanand Rajasthan Agricultural University
Presidency University
Cooch Behar Panchanan Barma University
Fakir Mohan University
RIMT University
Tamil Nadu Physical Education and Sports University
Mahatma Gandhi Central University, Motihari
Assam Down Town University
Kalinga University
Jagannath University
OPJS University
University of Horticultural Sciences, Bagalkot
Narendra Dev University of Agriculture and Technology
Graphic Era Hill University
Sri Venkateswara Institute of Medical Sciences
Jai Prakash Vishwavidyalaya
Uttar Banga Krishi Viswavidyalaya
Navrachana University
Indira Gandhi Delhi Technical University for Women
Rama University
Sandip University
Arunachal University of Studies
Baddi University of Emerging Sciences and Technologies
Marwadi University
Manipur Technical University
The National University of Advanced Legal Studies
Sri Satya Sai University of Technology and Medical Sciences
EIILM University
Datta Meghe Institute of Medical Sciences
Deccan College Post-Graduate and Research Institute
Mahatma Gandhi Chitrakoot Gramoday Vishwavidyalaya
Sri Sri University
AP Goyal Shimla University
National Institute of Pharmaceutical Education and Research, Hyderabad
Kannada University
Rajmata Vijayaraje Scindia Krishi Vishwavidyalaya
Indian Institute of Information Technology, Vadodara
Govind Guru Tribal University
Dr K.N. Modi University
JS University
Sir Padampat Singhania University
People's University
North Orissa University
Kerala Kalamandalam
Jagadguru Ramanandacharya Rajasthan Sanskrit University
Bihar Agricultural University
Ponnaiyan Ramajayam Institute of Science and Technology
ICFAI University, Dehradun
Bodoland University
JIS University
Islamic University of Science and Technology
Oriental University
AISECT University
Glocal University
Sardar Vallabhbhai Patel University of Agriculture and Technology
Indian Institute of Information Technology, Sri City
IMS Unison University
KLE Technological University
Desh Bhagat University
Sri Balaji Vidyapeeth
Uttarakhand Ayurved University
Dakshina Bharat Hindi Prachar Sabha
U.P. Pandit Deen Dayal Upadhyaya Pashu Chikitsa Vigyan Vishwavidyalaya Evam Go-Anusandhan Sansthan
Dr. B.R. Ambedkar University
Gulbarga University
Uttar Pradesh University of Medical Sciences
Sunrise University
IFTM University
Jharkhand Rai University
Swami Rama Himalayan University
Shri Jagdishprasad Jhabrmal Tibrewala University
CMR University
Geetanjali University
Raksha Shakti University
Damodaram Sanjivayya National Law University
Kaziranga University
Sampurnanand Sanskrit Vishvavidyalaya
Karnataka Sanskrit University
Adamas University
Krishna Institute of Medical Sciences
Baba Ghulam Shah Badhshah University
Monad University
MATS University
IIMT University
Madhav University
Indira Kala Sangeet Vishwavidyalaya
AURO University
Techno India University
Thunchath Ezhuthachan Malayalam University
PDM University
Guru Kashi University
Raiganj University
Indian Institute of Teacher Education
Gangadhar Meher University
Kadi Sarva Vishwavidyalaya
Career Point University
Shridhar University
National Institute of Pharmaceutical Education and Research, Kolkata
Himgiri ZEE University
Hemwati Nandan Bahuguna Medical University
University of Agricultural Sciences, Raichur
Jananayak Chandrashekhar University
Anant National University
NIILM University
Rani Lakshmi Bai Central Agricultural University
Kavi Kulguru Kalidas Sanskrit Vishwavidyalaya
Shri Venkateshwara University
Tantia University
Shri Vaishnav Vidyapeeth Vishwavidyalaya
Sri Guru Granth Sahib World University
Ajeenkya D.Y. Patil University
St. Peter's University
Eternal University
Children's University
Sangam University
Jagadguru Rambhadracharya Handicapped University
Shri Jagannath Sanskrit Vishvavidyalaya
Apex Professional University
Mahatma Jyoti Rao Phoole University
Institute of Advanced Research
University of Science and Technology, Meghalaya
O.P. Jindal University
Calorx Teachers University
Jagan Nath University
Raffles University
Central University of Tibetan Studies
GSFC University
Indian Institute of Information Technology, Una
National Institute of Pharmaceutical Education and Research, Guwahati
Shri Ramswaroop Memorial University
Uttaranchal Sanskrit University
St. Xavier's University
IEC University
Karpagam Academy of Higher Education
BAHRA University
Chhattisgarh Kamdhenu Vishwavidyalaya
Rama Devi Women's University
Shri Govind Guru University
Pratap University
CMJ University
ICFAI University, Jharkhand
ITM Vocational University
Shri Guru Ram Rai University
Maharishi University of Management and Technology
Shree Somnath Sanskrit University
Maharshi Panini Sanskrit Vishwavidyalaya
C.U. Shah University
Al-Falah University
University of Agricultural and Horticultural Sciences, Shivamogga
Guru Ravidas Ayurved University
The Neotia University
Utkal University of Culture
Banda University of Agriculture and Technology
Sri Venkateswara Vedic University
Indian Institute of Information Technology, Kottayam
National Institute of Pharmaceutical Education and Research, Hajipur
Martin Luther Christian University
Maharashtra National Law University, Mumbai
Adesh University
Maharaja Agrasen University
Vishwakarma University
Khallikote University
Maharashtra National Law University, Nagpur
Mohammad Ali Jauhar University
Kushabhau Thakre Patrakarita Avam Jansanchar University
Sri Siddhartha Academy of Higher Education
Swarnim Gujarat Sports University
Sarvepalli Radhakrishnan University
Sri Sai University
TransDisciplinary University
ICFAI University, Jaipur
Dr. A.P.J Abdul Kalam University
William Carey University, Meghalaya
Indian Institute of Information Technology, Kalyani
Mahatma Gandhi University of Medical Sciences and Technology
Maharishi Markandeshwar University, Solan
Meenakshi Academy of Higher Education and Research
Raja Mansingh Tomar Music and Arts University
Bhatkhande Music Institute
Karnataka Veterinary, Animal and Fisheries Sciences University
G.L.S. University
Atal Bihari Vajpayee Hindi Vishwavidyalaya
JSS Science and Technology University
Indus International University
Tamil Nadu Fisheries University
Maulana Mazharul Haque Arabic and Persian University
Maharishi University
Mahapurusha Srimanta Sankaradeva Viswavidyalaya
Bengaluru North University
Srinivas University
Kumar Bhaskar Varma Sanskrit and Ancient Studies University
BLDE University
Tamil Nadu National Law University
Sage University
Himalayan Garhwal University
ISBM University
ICFAI University, Himachal Pradesh
Rai Technology University
Cluster University of Jammu
LNCT University
ICFAI University, Nagaland
Sanchi University of Buddhist-Indic Studies
Karnataka Janapada Vishwavidyalaya
Motherhood University
Dr. B.R. Ambedkar University of Social Sciences
Assam Rajiv Gandhi University of Cooperative Management
ICFAI University, Meghalaya
Jaypee University Anoopshahr
Plastindia International University
Bhartiya Skill Development University
Assam Women's University
Sanjay Ghodawat University
Usha Martin University
ICFAI University, Raipur
Sant Baba Bhag Singh University
Era University
TeamLease Skills University
Sri Konda Laxman Telangana State Horticultural University
Jharkhand Raksha Shakti University
Akal University
Bhupal Nobles University
Maharishi Arvind University, Jaipur
Starex University
Maharaja Bir Bikram University
Maharashtra National Law University, Aurangabad
Indian Institute of Information Technology, Lucknow
Indrashil University
Sangai International University
Abhilashi University
Indian Institute of Public Health
Haridev Joshi University of Journalism and Mass Communication
Sankalchand Patel University
K.K. University
Indira Gandhi Technological and Medical Sciences University
Bareilly International University
Sarla Birla University
Lakulish Yoga University
Pragyan International University
Baba Mastnath University
Santosh University
Swarnim Startup and Innovation University
Pacific Medical University
P.K. University
G H Raisoni University
Arunodaya University
Ras Bihari Bose Subharti University
Sharnbasva University
Maulana Azad University, Jodhpur
Sri Guru Ram Das University of Health Sciences
Manipur University of Culture
Uttarakhand Aawasiya Vishwavidyalaya
St. Joseph University
Khalsa University
Manav Rachna University
Manav Rachna International Institute of Research and Studies
Sandip University, Sijoul
Dr. Sarvepalli Radhakrishnan Rajasthan Ayurved University
University of Oxford
University of Cambridge
University College London
The University of Edinburgh
The University of Manchester
The London School of Economics and Political Science
University of Leeds
The University of Warwick
Imperial College London
King's College London
University of Birmingham
The University of Sheffield
The University of York
University of Leicester
Queen Mary University of London
University of Exeter
Lancaster University
University of Bristol
University of St Andrews
University of Bath
University of Kent
Queen's University Belfast
University of East Anglia
Cardiff University
University of Aberdeen
University of Strathclyde
Loughborough University
University of Reading
Heriot-Watt University
University of Dundee
University of Essex
University of the West of England
Royal Holloway, University of London
Sheffield Hallam University
University of Portsmouth
Coventry University
University of Plymouth
Manchester Metropolitan University
Nottingham Trent University
University of Hertfordshire
De Montfort University
University of Salford
Goldsmiths, University of London
Birkbeck, University of London
Swansea University
SOAS, University of London
University of Brighton
Bournemouth University
University of Stirling
University of Greenwich
Kingston University
Aberystwyth University
Northumbria University
Aston University
Middlesex University
Edinburgh Napier University
Bangor University
Oxford Brookes University
Leeds Beckett University
University of South Wales
University of Westminster
Keele University
The University of Hull
Birmingham City University
Anglia Ruskin University
University of Central Lancashire
London Business School
London School of Hygiene and Tropical Medicine, University of London
London South Bank University
Royal College of Art
University of Wolverhampton
University of Huddersfield
University of Derby
Robert Gordon University
London Metropolitan University
Glasgow Caledonian University
University of Sunderland
University of the Highlands and Islands
Teesside University
Liverpool John Moores University
School of Advanced Study, University of London
University of Bedfordshire
The Courtauld Institute of Art, University of London
University of Chester
Southampton Solent University
Canterbury Christ Church University
Edge Hill University
Bath Spa University
University of Bradford
University of Worcester
Glasgow School of Art
Royal Veterinary College University of London
Falmouth University
University of the West of Scotland
University for the Creative Arts
University of Bolton
University of Gloucestershire
St George's, University of London
Cardiff Metropolitan University
Royal College of Music
Royal Academy of Music, University of London
The University of Winchester
Queen Margaret University
University of Wales Trinity Saint David
Wrexham Glyndwr University
University of Cumbria
Regent's University London
Arts University Bournemouth
University of Chichester
Harper Adams University
Ravensbourne
The Royal Central School of Speech and Drama
Trinity Laban Conservatoire of Music and Dance
Buckinghamshire New University
Royal Conservatoire of Scotland
University College Birmingham
University of St Mark and St John
Leeds Trinity University
University of Wales
Richmond, The American International University in London
Leeds Arts University
Leeds College of Music
Royal Agricultural University
Liverpool Institute for Performing Arts
Bishop Grosseteste University
Rose Bruford College
European School of Economics
